
program header:

entry: 0
	p_type: PT_PHDR
	p_offset: 52
	p_vaddr: 0x8048034
	p_paddr: 0x8048034
	p_filesz: 192
	p_memsz: 192
	p_flags: PF_X|PF_R
	p_align: 4

entry: 1
	p_type: PT_INTERP
	p_offset: 244
	p_vaddr: 0x80480f4
	p_paddr: 0x80480f4
	p_filesz: 21
	p_memsz: 21
	p_flags: PF_R
	p_align: 1

entry: 2
	p_type: PT_LOAD
	p_offset: 0
	p_vaddr: 0x8048000
	p_paddr: 0x8048000
	p_filesz: 12458
	p_memsz: 12458
	p_flags: PF_X|PF_R
	p_align: 4096

entry: 3
	p_type: PT_LOAD
	p_offset: 12480
	p_vaddr: 0x804c0c0
	p_paddr: 0x804c0c0
	p_filesz: 1536
	p_memsz: 67168
	p_flags: PF_W|PF_R
	p_align: 4096

entry: 4
	p_type: PT_DYNAMIC
	p_offset: 13552
	p_vaddr: 0x804c4f0
	p_paddr: 0x804c4f0
	p_filesz: 200
	p_memsz: 200
	p_flags: PF_W|PF_R
	p_align: 4

entry: 5
	p_type: PT_NOTE
	p_offset: 268
	p_vaddr: 0x804810c
	p_paddr: 0x804810c
	p_filesz: 24
	p_memsz: 24
	p_flags: PF_R
	p_align: 4

section header:

entry: 0
	sh_name: 
	sh_type: SHT_NULL
	sh_flags: 
	sh_addr: 0
	sh_offset: 0
	sh_size: 0
	sh_link: 0
	sh_info: 0
	sh_addralign: 0
	sh_entsize: 0

entry: 1
	sh_name: .interp
	sh_type: SHT_PROGBITS
	sh_flags: SHF_ALLOC
	sh_addr: 0x80480f4
	sh_offset: 244
	sh_size: 21
	sh_link: 0
	sh_info: 0
	sh_addralign: 1
	sh_entsize: 0

entry: 2
	sh_name: .note.ABI-tag
	sh_type: SHT_NOTE
	sh_flags: SHF_ALLOC
	sh_addr: 0x804810c
	sh_offset: 268
	sh_size: 24
	sh_link: 0
	sh_info: 0
	sh_addralign: 4
	sh_entsize: 0

entry: 3
	sh_name: .hash
	sh_type: SHT_HASH
	sh_flags: SHF_ALLOC
	sh_addr: 0x8048124
	sh_offset: 292
	sh_size: 544
	sh_link: 4
	sh_info: 0
	sh_addralign: 4
	sh_entsize: 4

entry: 4
	sh_name: .dynsym
	sh_type: SHT_DYNSYM
	sh_flags: SHF_ALLOC
	sh_addr: 0x8048344
	sh_offset: 836
	sh_size: 1072
	sh_link: 5
	sh_info: 1
	sh_addralign: 4
	sh_entsize: 16

entry: 5
	sh_name: .dynstr
	sh_type: SHT_STRTAB
	sh_flags: SHF_ALLOC
	sh_addr: 0x8048774
	sh_offset: 1908
	sh_size: 467
	sh_link: 0
	sh_info: 0
	sh_addralign: 1
	sh_entsize: 0

entry: 6
	sh_name: .gnu.version
	sh_type: SHT_SUNW(GNU)_versym
	sh_flags: SHF_ALLOC
	sh_addr: 0x8048948
	sh_offset: 2376
	sh_size: 134
	sh_link: 4
	sh_info: 0
	sh_addralign: 2
	sh_entsize: 2

entry: 7
	sh_name: .gnu.version_r
	sh_type: SHT_SUNW(GNU)_verneed
	sh_flags: SHF_ALLOC
	sh_addr: 0x80489d0
	sh_offset: 2512
	sh_size: 32
	sh_link: 5
	sh_info: 1
	sh_addralign: 4
	sh_entsize: 0

entry: 8
	sh_name: .rel.dyn
	sh_type: SHT_REL
	sh_flags: SHF_ALLOC
	sh_addr: 0x80489f0
	sh_offset: 2544
	sh_size: 32
	sh_link: 4
	sh_info: 0
	sh_addralign: 4
	sh_entsize: 8

entry: 9
	sh_name: .rel.plt
	sh_type: SHT_REL
	sh_flags: SHF_ALLOC
	sh_addr: 0x8048a10
	sh_offset: 2576
	sh_size: 464
	sh_link: 4
	sh_info: 11
	sh_addralign: 4
	sh_entsize: 8

entry: 10
	sh_name: .init
	sh_type: SHT_PROGBITS
	sh_flags: SHF_ALLOC|SHF_EXECINSTR
	sh_addr: 0x8048be0
	sh_offset: 3040
	sh_size: 17
	sh_link: 0
	sh_info: 0
	sh_addralign: 4
	sh_entsize: 0

entry: 11
	sh_name: .plt
	sh_type: SHT_PROGBITS
	sh_flags: SHF_ALLOC|SHF_EXECINSTR
	sh_addr: 0x8048bf4
	sh_offset: 3060
	sh_size: 944
	sh_link: 0
	sh_info: 0
	sh_addralign: 4
	sh_entsize: 4

entry: 12
	sh_name: .text
	sh_type: SHT_PROGBITS
	sh_flags: SHF_ALLOC|SHF_EXECINSTR
	sh_addr: 0x8048fb0
	sh_offset: 4016
	sh_size: 7132
	sh_link: 0
	sh_info: 0
	sh_addralign: 16
	sh_entsize: 0

entry: 13
	sh_name: .fini
	sh_type: SHT_PROGBITS
	sh_flags: SHF_ALLOC|SHF_EXECINSTR
	sh_addr: 0x804ab8c
	sh_offset: 11148
	sh_size: 12
	sh_link: 0
	sh_info: 0
	sh_addralign: 4
	sh_entsize: 0

entry: 14
	sh_name: .rodata
	sh_type: SHT_PROGBITS
	sh_flags: SHF_ALLOC
	sh_addr: 0x804ab98
	sh_offset: 11160
	sh_size: 1298
	sh_link: 0
	sh_info: 0
	sh_addralign: 4
	sh_entsize: 0

entry: 15
	sh_name: .data
	sh_type: SHT_PROGBITS
	sh_flags: SHF_WRITE|SHF_ALLOC
	sh_addr: 0x804c0c0
	sh_offset: 12480
	sh_size: 1068
	sh_link: 0
	sh_info: 0
	sh_addralign: 32
	sh_entsize: 0

entry: 16
	sh_name: .eh_frame
	sh_type: SHT_PROGBITS
	sh_flags: SHF_ALLOC
	sh_addr: 0x804c4ec
	sh_offset: 13548
	sh_size: 4
	sh_link: 0
	sh_info: 0
	sh_addralign: 4
	sh_entsize: 0

entry: 17
	sh_name: .dynamic
	sh_type: SHT_DYNAMIC
	sh_flags: SHF_WRITE|SHF_ALLOC
	sh_addr: 0x804c4f0
	sh_offset: 13552
	sh_size: 200
	sh_link: 5
	sh_info: 0
	sh_addralign: 4
	sh_entsize: 8

entry: 18
	sh_name: .ctors
	sh_type: SHT_PROGBITS
	sh_flags: SHF_WRITE|SHF_ALLOC
	sh_addr: 0x804c5b8
	sh_offset: 13752
	sh_size: 8
	sh_link: 0
	sh_info: 0
	sh_addralign: 4
	sh_entsize: 0

entry: 19
	sh_name: .dtors
	sh_type: SHT_PROGBITS
	sh_flags: SHF_WRITE|SHF_ALLOC
	sh_addr: 0x804c5c0
	sh_offset: 13760
	sh_size: 8
	sh_link: 0
	sh_info: 0
	sh_addralign: 4
	sh_entsize: 0

entry: 20
	sh_name: .jcr
	sh_type: SHT_PROGBITS
	sh_flags: SHF_WRITE|SHF_ALLOC
	sh_addr: 0x804c5c8
	sh_offset: 13768
	sh_size: 4
	sh_link: 0
	sh_info: 0
	sh_addralign: 4
	sh_entsize: 0

entry: 21
	sh_name: .got
	sh_type: SHT_PROGBITS
	sh_flags: SHF_WRITE|SHF_ALLOC
	sh_addr: 0x804c5cc
	sh_offset: 13772
	sh_size: 244
	sh_link: 0
	sh_info: 0
	sh_addralign: 4
	sh_entsize: 4

entry: 22
	sh_name: .bss
	sh_type: SHT_NOBITS
	sh_flags: SHF_WRITE|SHF_ALLOC
	sh_addr: 0x804c6c0
	sh_offset: 14016
	sh_size: 65632
	sh_link: 0
	sh_info: 0
	sh_addralign: 32
	sh_entsize: 0

entry: 23
	sh_name: .comment
	sh_type: SHT_PROGBITS
	sh_flags: 
	sh_addr: 0
	sh_offset: 14016
	sh_size: 485
	sh_link: 0
	sh_info: 0
	sh_addralign: 1
	sh_entsize: 0

entry: 24
	sh_name: .shstrtab
	sh_type: SHT_STRTAB
	sh_flags: 
	sh_addr: 0
	sh_offset: 14501
	sh_size: 190
	sh_link: 0
	sh_info: 0
	sh_addralign: 1
	sh_entsize: 0

note (.note.ABI-tag):
	FreeBSD 701100
