
Note Section:  .note.ABI-tag

    type   0x1
    namesz 0x8:
FreeBSD
    descsz 0x4:
      desc[0]   ac b2 0a 00
