a - a1_ne.o
a - a2_ne.o
a - a3_non_elf_has_a_long_name.o
