a - a1_has_a_long_file_name.o
a - a2_non_elf.o
a - a3_non_elf_with_a_long_file_name.o
a - a4_is_16_long_.o
