a - a1_has_a_long_file_name.o
a - a2_is_15_long.o
a - a3_normal.o
a - a4_is_16_long_.o
