
Global Offset Table Section:  .got  (47 entries)
 ndx     addr              value             reloc              addend       symbol
[00000]  00000000001183e0  0000000000118208  R_X86_64_NONE      000000000000 
[00001]  00000000001183e8  0000000000000000  R_X86_64_NONE      000000000000 
[00002]  00000000001183f0  0000000000000000  R_X86_64_NONE      000000000000 
[00003]  00000000001183f8  0000000000002852  R_X86_64_JUMP_SLOT 000000000000 write
[00004]  0000000000118400  0000000000002862  R_X86_64_JUMP_SLOT 000000000000 elf_flagscn
[00005]  0000000000118408  0000000000002872  R_X86_64_JUMP_SLOT 000000000000 elf_rawdata
[00006]  0000000000118410  0000000000002882  R_X86_64_JUMP_SLOT 000000000000 elf_flagelf
[00007]  0000000000118418  0000000000002892  R_X86_64_JUMP_SLOT 000000000000 strlcat
[00008]  0000000000118420  00000000000028a2  R_X86_64_JUMP_SLOT 000000000000 gelf_getehdr
[00009]  0000000000118428  00000000000028b2  R_X86_64_JUMP_SLOT 000000000000 __cxa_finalize
[00010]  0000000000118430  00000000000028c2  R_X86_64_JUMP_SLOT 000000000000 elf_hash
[00011]  0000000000118438  00000000000028d2  R_X86_64_JUMP_SLOT 000000000000 strerror
[00012]  0000000000118440  00000000000028e2  R_X86_64_JUMP_SLOT 000000000000 gelf_fsize
[00013]  0000000000118448  00000000000028f2  R_X86_64_JUMP_SLOT 000000000000 elf_flagshdr
[00014]  0000000000118450  0000000000002902  R_X86_64_JUMP_SLOT 000000000000 gelf_getsym
[00015]  0000000000118458  0000000000002912  R_X86_64_JUMP_SLOT 000000000000 munmap
[00016]  0000000000118460  0000000000002922  R_X86_64_JUMP_SLOT 000000000000 strncpy
[00017]  0000000000118468  0000000000002932  R_X86_64_JUMP_SLOT 000000000000 elf_getscn
[00018]  0000000000118470  0000000000002942  R_X86_64_JUMP_SLOT 000000000000 memset
[00019]  0000000000118478  0000000000002952  R_X86_64_JUMP_SLOT 000000000000 elf_getdata
[00020]  0000000000118480  0000000000002962  R_X86_64_JUMP_SLOT 000000000000 mmap
[00021]  0000000000118488  0000000000002972  R_X86_64_JUMP_SLOT 000000000000 __error
[00022]  0000000000118490  0000000000002982  R_X86_64_JUMP_SLOT 000000000000 __assert
[00023]  0000000000118498  0000000000002992  R_X86_64_JUMP_SLOT 000000000000 lseek
[00024]  00000000001184a0  00000000000029a2  R_X86_64_JUMP_SLOT 000000000000 elf64_fsize
[00025]  00000000001184a8  00000000000029b2  R_X86_64_JUMP_SLOT 000000000000 ftruncate
[00026]  00000000001184b0  00000000000029c2  R_X86_64_JUMP_SLOT 000000000000 calloc
[00027]  00000000001184b8  00000000000029d2  R_X86_64_JUMP_SLOT 000000000000 elf_end
[00028]  00000000001184c0  00000000000029e2  R_X86_64_JUMP_SLOT 000000000000 elf32_fsize
[00029]  00000000001184c8  00000000000029f2  R_X86_64_JUMP_SLOT 000000000000 gelf_getshdr
[00030]  00000000001184d0  0000000000002a02  R_X86_64_JUMP_SLOT 000000000000 gelf_update_sym
[00031]  00000000001184d8  0000000000002a12  R_X86_64_JUMP_SLOT 000000000000 malloc
[00032]  00000000001184e0  0000000000002a22  R_X86_64_JUMP_SLOT 000000000000 memcpy
[00033]  00000000001184e8  0000000000002a32  R_X86_64_JUMP_SLOT 000000000000 free
[00034]  00000000001184f0  0000000000002a42  R_X86_64_JUMP_SLOT 000000000000 elf_flagphdr
[00035]  00000000001184f8  0000000000002a52  R_X86_64_JUMP_SLOT 000000000000 __stack_chk_fail
[00036]  0000000000118500  0000000000002a62  R_X86_64_JUMP_SLOT 000000000000 elf_memory
[00037]  0000000000118508  0000000000002a72  R_X86_64_JUMP_SLOT 000000000000 elf_flagehdr
[00038]  0000000000118510  0000000000002a82  R_X86_64_JUMP_SLOT 000000000000 fstat
[00039]  0000000000118518  0000000000002a92  R_X86_64_JUMP_SLOT 000000000000 strlcpy
[00040]  0000000000118520  0000000000000000  R_X86_64_GLOB_DAT  000000000000 __cxa_finalize
[00041]  0000000000118528  0000000000000000  R_X86_64_GLOB_DAT  000000000000 __stack_chk_guard
[00042]  0000000000118530  0000000000000000  R_X86_64_GLOB_DAT  000000000000 elf64_fsize
[00043]  0000000000118538  00000000001164c0  R_X86_64_RELATIVE  000001139904 
[00044]  0000000000118540  0000000000000000  R_X86_64_GLOB_DAT  000000000000 elf32_fsize
[00045]  0000000000118548  0000000000116140  R_X86_64_RELATIVE  000001139008 
[00046]  0000000000118550  0000000000000000  R_X86_64_GLOB_DAT  000000000000 _Jv_RegisterClasses
