
Program Header[0]:
    p_vaddr:      0               p_flags:    [ PF_X|PF_R ]
    p_paddr:      0               p_type:     [ PT_LOAD ]
    p_filesz:     0x16114         p_memsz:    0x16114
    p_offset:     0               p_align:    0x100000

Program Header[1]:
    p_vaddr:      0x116120        p_flags:    [ PF_W|PF_R ]
    p_paddr:      0x116120        p_type:     [ PT_LOAD ]
    p_filesz:     0x2438          p_memsz:    0x2440
    p_offset:     0x16120         p_align:    0x100000

Program Header[2]:
    p_vaddr:      0x118208        p_flags:    [ PF_W|PF_R ]
    p_paddr:      0x118208        p_type:     [ PT_DYNAMIC ]
    p_filesz:     0x1b0           p_memsz:    0x1b0
    p_offset:     0x18208         p_align:    0x8

Program Header[3]:
    p_vaddr:      0x1610c         p_flags:    [ PF_R ]
    p_paddr:      0x1610c         p_type:     [ PT_GNU_EH_FRAME ]
    p_filesz:     0x8             p_memsz:    0x8
    p_offset:     0x1610c         p_align:    0x4
